[2025-08-22 12:08:24,665] [INFO] Token received: gIkTNkQ3lW7Nyx5x1cO3uI9MH3-pcg27DO9Vc9E0gniTkJLJ..., site: dev
[2025-08-22 12:08:26,704] [ERROR] Database error: (pymysql.err.OperationalError) (2003, "Can't connect to MySQL server on '127.0.0.1'")
(Background on this error at: https://sqlalche.me/e/20/e3q8)
[2025-08-22 12:21:13,265] [INFO] Token received: gIkTNkQ3lW7Nyx5x1cO3uI9MH3-pcg27DO9Vc9E0gniTkJLJ..., site: dev
[2025-08-22 12:21:16,066] [INFO] Authenticating with Cognito
[2025-08-22 12:21:19,215] [INFO] Cognito authentication successful
[2025-08-22 12:21:30,933] [INFO] Starting token and email verification
[2025-08-22 12:21:30,934] [INFO] Validating ID token
[2025-08-22 12:21:30,935] [INFO] Fetching JWKS from Cognito
[2025-08-22 12:21:31,773] [INFO] Token validated for email: prakash@zeoner.com
[2025-08-22 12:21:31,775] [INFO] Email verified successfully: prakash@zeoner.com
[2025-08-22 12:21:31,782] [INFO] payload: {'site': 'dev', 'pid': None, 'page': 2, 'page_size': 10, 'program_id': None}
[2025-08-22 12:21:31,784] [INFO] Processing batch request for site: dev, page: 2, page_size: 10
[2025-08-22 12:21:32,548] [INFO] Fetching data for 10 patients in batch...
[2025-08-22 12:21:32,549] [INFO] Fetching enrollment for 10 patients in batch
[2025-08-22 12:21:40,412] [INFO] Patient details fetched successfully for email: prakash@zeoner.com
[2025-08-22 12:49:40,165] [INFO] Token received: test-token..., site: dev
[2025-08-22 12:49:42,201] [ERROR] Database error: (pymysql.err.OperationalError) (2003, "Can't connect to MySQL server on '127.0.0.1'")
(Background on this error at: https://sqlalche.me/e/20/e3q8)
[2025-08-22 12:49:43,245] [INFO] Starting token and email verification
[2025-08-22 12:49:43,245] [INFO] Validating ID token
[2025-08-22 12:49:43,246] [INFO] Fetching JWKS from Cognito
[2025-08-22 12:49:44,249] [ERROR] JWT validation error: Error decoding token headers.
Traceback (most recent call last):
  File "C:\Users\arunk\OneDrive\Desktop\new_folder\refresh_health\venv\Lib\site-packages\jose\jws.py", line 180, in _load
    signing_input, crypto_segment = jwt.rsplit(b".", 1)
    ^^^^^^^^^^^^^^^^^^^^^^^^^^^^^
ValueError: not enough values to unpack (expected 2, got 1)

During handling of the above exception, another exception occurred:

Traceback (most recent call last):
  File "C:\Users\arunk\OneDrive\Desktop\new_folder\refresh_health\venv\Lib\site-packages\jose\jwt.py", line 200, in get_unverified_header
    headers = jws.get_unverified_headers(token)
  File "C:\Users\arunk\OneDrive\Desktop\new_folder\refresh_health\venv\Lib\site-packages\jose\jws.py", line 113, in get_unverified_headers
    return get_unverified_header(token)
  File "C:\Users\arunk\OneDrive\Desktop\new_folder\refresh_health\venv\Lib\site-packages\jose\jws.py", line 94, in get_unverified_header
    header, claims, signing_input, signature = _load(token)
                                               ~~~~~^^^^^^^
  File "C:\Users\arunk\OneDrive\Desktop\new_folder\refresh_health\venv\Lib\site-packages\jose\jws.py", line 184, in _load
    raise JWSError("Not enough segments")
jose.exceptions.JWSError: Not enough segments

During handling of the above exception, another exception occurred:

Traceback (most recent call last):
  File "C:\Users\arunk\OneDrive\Desktop\new_folder\refresh_health\app\utils\auth_utils.py", line 66, in validate_id_token
    payload = verify_signature(id_token, jwks_keys)
  File "C:\Users\arunk\OneDrive\Desktop\new_folder\refresh_health\app\utils\auth_utils.py", line 41, in verify_signature
    headers = jwt.get_unverified_header(id_token)
  File "C:\Users\arunk\OneDrive\Desktop\new_folder\refresh_health\venv\Lib\site-packages\jose\jwt.py", line 202, in get_unverified_header
    raise JWTError("Error decoding token headers.")
jose.exceptions.JWTError: Error decoding token headers.
[2025-08-22 12:51:22,279] [INFO] Token received: test-token..., site: dev
[2025-08-22 12:51:25,058] [WARNING] Invalid OpenEMR token
[2025-08-22 12:51:25,576] [INFO] Starting token and email verification
[2025-08-22 12:51:25,576] [INFO] Validating ID token
[2025-08-22 12:51:25,576] [INFO] Fetching JWKS from Cognito
[2025-08-22 12:51:26,410] [ERROR] JWT validation error: Error decoding token headers.
Traceback (most recent call last):
  File "C:\Users\arunk\OneDrive\Desktop\new_folder\refresh_health\venv\Lib\site-packages\jose\jws.py", line 180, in _load
    signing_input, crypto_segment = jwt.rsplit(b".", 1)
    ^^^^^^^^^^^^^^^^^^^^^^^^^^^^^
ValueError: not enough values to unpack (expected 2, got 1)

During handling of the above exception, another exception occurred:

Traceback (most recent call last):
  File "C:\Users\arunk\OneDrive\Desktop\new_folder\refresh_health\venv\Lib\site-packages\jose\jwt.py", line 200, in get_unverified_header
    headers = jws.get_unverified_headers(token)
  File "C:\Users\arunk\OneDrive\Desktop\new_folder\refresh_health\venv\Lib\site-packages\jose\jws.py", line 113, in get_unverified_headers
    return get_unverified_header(token)
  File "C:\Users\arunk\OneDrive\Desktop\new_folder\refresh_health\venv\Lib\site-packages\jose\jws.py", line 94, in get_unverified_header
    header, claims, signing_input, signature = _load(token)
                                               ~~~~~^^^^^^^
  File "C:\Users\arunk\OneDrive\Desktop\new_folder\refresh_health\venv\Lib\site-packages\jose\jws.py", line 184, in _load
    raise JWSError("Not enough segments")
jose.exceptions.JWSError: Not enough segments

During handling of the above exception, another exception occurred:

Traceback (most recent call last):
  File "C:\Users\arunk\OneDrive\Desktop\new_folder\refresh_health\app\utils\auth_utils.py", line 66, in validate_id_token
    payload = verify_signature(id_token, jwks_keys)
  File "C:\Users\arunk\OneDrive\Desktop\new_folder\refresh_health\app\utils\auth_utils.py", line 41, in verify_signature
    headers = jwt.get_unverified_header(id_token)
  File "C:\Users\arunk\OneDrive\Desktop\new_folder\refresh_health\venv\Lib\site-packages\jose\jwt.py", line 202, in get_unverified_header
    raise JWTError("Error decoding token headers.")
jose.exceptions.JWTError: Error decoding token headers.
[2025-08-22 12:55:23,488] [INFO] Token received: test-token..., site: dev
[2025-08-22 12:55:26,267] [WARNING] Invalid OpenEMR token
[2025-08-22 12:55:26,812] [INFO] Starting token and email verification
[2025-08-22 12:55:26,813] [INFO] Validating ID token
[2025-08-22 12:55:26,814] [INFO] Fetching JWKS from Cognito
[2025-08-22 12:55:27,607] [ERROR] JWT validation error: Error decoding token headers.
Traceback (most recent call last):
  File "C:\Users\arunk\OneDrive\Desktop\new_folder\refresh_health\venv\Lib\site-packages\jose\jws.py", line 180, in _load
    signing_input, crypto_segment = jwt.rsplit(b".", 1)
    ^^^^^^^^^^^^^^^^^^^^^^^^^^^^^
ValueError: not enough values to unpack (expected 2, got 1)

During handling of the above exception, another exception occurred:

Traceback (most recent call last):
  File "C:\Users\arunk\OneDrive\Desktop\new_folder\refresh_health\venv\Lib\site-packages\jose\jwt.py", line 200, in get_unverified_header
    headers = jws.get_unverified_headers(token)
  File "C:\Users\arunk\OneDrive\Desktop\new_folder\refresh_health\venv\Lib\site-packages\jose\jws.py", line 113, in get_unverified_headers
    return get_unverified_header(token)
  File "C:\Users\arunk\OneDrive\Desktop\new_folder\refresh_health\venv\Lib\site-packages\jose\jws.py", line 94, in get_unverified_header
    header, claims, signing_input, signature = _load(token)
                                               ~~~~~^^^^^^^
  File "C:\Users\arunk\OneDrive\Desktop\new_folder\refresh_health\venv\Lib\site-packages\jose\jws.py", line 184, in _load
    raise JWSError("Not enough segments")
jose.exceptions.JWSError: Not enough segments

During handling of the above exception, another exception occurred:

Traceback (most recent call last):
  File "C:\Users\arunk\OneDrive\Desktop\new_folder\refresh_health\app\utils\auth_utils.py", line 66, in validate_id_token
    payload = verify_signature(id_token, jwks_keys)
  File "C:\Users\arunk\OneDrive\Desktop\new_folder\refresh_health\app\utils\auth_utils.py", line 41, in verify_signature
    headers = jwt.get_unverified_header(id_token)
  File "C:\Users\arunk\OneDrive\Desktop\new_folder\refresh_health\venv\Lib\site-packages\jose\jwt.py", line 202, in get_unverified_header
    raise JWTError("Error decoding token headers.")
jose.exceptions.JWTError: Error decoding token headers.
[2025-08-22 12:59:28,568] [INFO] Token received: test-token..., site: dev
[2025-08-22 12:59:31,289] [WARNING] Invalid OpenEMR token
[2025-08-22 12:59:31,814] [INFO] Starting token and email verification
[2025-08-22 12:59:31,815] [INFO] Validating ID token
[2025-08-22 12:59:31,816] [INFO] Fetching JWKS from Cognito
[2025-08-22 12:59:32,629] [ERROR] JWT validation error: Error decoding token headers.
Traceback (most recent call last):
  File "C:\Users\arunk\OneDrive\Desktop\new_folder\refresh_health\venv\Lib\site-packages\jose\jws.py", line 180, in _load
    signing_input, crypto_segment = jwt.rsplit(b".", 1)
    ^^^^^^^^^^^^^^^^^^^^^^^^^^^^^
ValueError: not enough values to unpack (expected 2, got 1)

During handling of the above exception, another exception occurred:

Traceback (most recent call last):
  File "C:\Users\arunk\OneDrive\Desktop\new_folder\refresh_health\venv\Lib\site-packages\jose\jwt.py", line 200, in get_unverified_header
    headers = jws.get_unverified_headers(token)
  File "C:\Users\arunk\OneDrive\Desktop\new_folder\refresh_health\venv\Lib\site-packages\jose\jws.py", line 113, in get_unverified_headers
    return get_unverified_header(token)
  File "C:\Users\arunk\OneDrive\Desktop\new_folder\refresh_health\venv\Lib\site-packages\jose\jws.py", line 94, in get_unverified_header
    header, claims, signing_input, signature = _load(token)
                                               ~~~~~^^^^^^^
  File "C:\Users\arunk\OneDrive\Desktop\new_folder\refresh_health\venv\Lib\site-packages\jose\jws.py", line 184, in _load
    raise JWSError("Not enough segments")
jose.exceptions.JWSError: Not enough segments

During handling of the above exception, another exception occurred:

Traceback (most recent call last):
  File "C:\Users\arunk\OneDrive\Desktop\new_folder\refresh_health\app\utils\auth_utils.py", line 66, in validate_id_token
    payload = verify_signature(id_token, jwks_keys)
  File "C:\Users\arunk\OneDrive\Desktop\new_folder\refresh_health\app\utils\auth_utils.py", line 41, in verify_signature
    headers = jwt.get_unverified_header(id_token)
  File "C:\Users\arunk\OneDrive\Desktop\new_folder\refresh_health\venv\Lib\site-packages\jose\jwt.py", line 202, in get_unverified_header
    raise JWTError("Error decoding token headers.")
jose.exceptions.JWTError: Error decoding token headers.
[2025-08-22 13:01:13,252] [INFO] Token received: test-token..., site: dev
[2025-08-22 13:01:15,972] [WARNING] Invalid OpenEMR token
[2025-08-22 13:01:16,524] [INFO] Starting token and email verification
[2025-08-22 13:01:16,528] [INFO] Validating ID token
[2025-08-22 13:01:16,529] [INFO] Fetching JWKS from Cognito
[2025-08-22 13:01:17,444] [ERROR] JWT validation error: Error decoding token headers.
Traceback (most recent call last):
  File "C:\Users\arunk\OneDrive\Desktop\new_folder\refresh_health\venv\Lib\site-packages\jose\jws.py", line 180, in _load
    signing_input, crypto_segment = jwt.rsplit(b".", 1)
    ^^^^^^^^^^^^^^^^^^^^^^^^^^^^^
ValueError: not enough values to unpack (expected 2, got 1)

During handling of the above exception, another exception occurred:

Traceback (most recent call last):
  File "C:\Users\arunk\OneDrive\Desktop\new_folder\refresh_health\venv\Lib\site-packages\jose\jwt.py", line 200, in get_unverified_header
    headers = jws.get_unverified_headers(token)
  File "C:\Users\arunk\OneDrive\Desktop\new_folder\refresh_health\venv\Lib\site-packages\jose\jws.py", line 113, in get_unverified_headers
    return get_unverified_header(token)
  File "C:\Users\arunk\OneDrive\Desktop\new_folder\refresh_health\venv\Lib\site-packages\jose\jws.py", line 94, in get_unverified_header
    header, claims, signing_input, signature = _load(token)
                                               ~~~~~^^^^^^^
  File "C:\Users\arunk\OneDrive\Desktop\new_folder\refresh_health\venv\Lib\site-packages\jose\jws.py", line 184, in _load
    raise JWSError("Not enough segments")
jose.exceptions.JWSError: Not enough segments

During handling of the above exception, another exception occurred:

Traceback (most recent call last):
  File "C:\Users\arunk\OneDrive\Desktop\new_folder\refresh_health\app\utils\auth_utils.py", line 66, in validate_id_token
    payload = verify_signature(id_token, jwks_keys)
  File "C:\Users\arunk\OneDrive\Desktop\new_folder\refresh_health\app\utils\auth_utils.py", line 41, in verify_signature
    headers = jwt.get_unverified_header(id_token)
  File "C:\Users\arunk\OneDrive\Desktop\new_folder\refresh_health\venv\Lib\site-packages\jose\jwt.py", line 202, in get_unverified_header
    raise JWTError("Error decoding token headers.")
jose.exceptions.JWTError: Error decoding token headers.
[2025-08-22 13:04:22,936] [INFO] Token received: test-token..., site: dev
[2025-08-22 13:04:25,712] [WARNING] Invalid OpenEMR token
[2025-08-22 13:04:26,212] [INFO] Starting token and email verification
[2025-08-22 13:04:26,213] [INFO] Validating ID token
[2025-08-22 13:04:26,213] [INFO] Fetching JWKS from Cognito
[2025-08-22 13:04:27,077] [ERROR] JWT validation error: Error decoding token headers.
Traceback (most recent call last):
  File "C:\Users\arunk\OneDrive\Desktop\new_folder\refresh_health\venv\Lib\site-packages\jose\jws.py", line 180, in _load
    signing_input, crypto_segment = jwt.rsplit(b".", 1)
    ^^^^^^^^^^^^^^^^^^^^^^^^^^^^^
ValueError: not enough values to unpack (expected 2, got 1)

During handling of the above exception, another exception occurred:

Traceback (most recent call last):
  File "C:\Users\arunk\OneDrive\Desktop\new_folder\refresh_health\venv\Lib\site-packages\jose\jwt.py", line 200, in get_unverified_header
    headers = jws.get_unverified_headers(token)
  File "C:\Users\arunk\OneDrive\Desktop\new_folder\refresh_health\venv\Lib\site-packages\jose\jws.py", line 113, in get_unverified_headers
    return get_unverified_header(token)
  File "C:\Users\arunk\OneDrive\Desktop\new_folder\refresh_health\venv\Lib\site-packages\jose\jws.py", line 94, in get_unverified_header
    header, claims, signing_input, signature = _load(token)
                                               ~~~~~^^^^^^^
  File "C:\Users\arunk\OneDrive\Desktop\new_folder\refresh_health\venv\Lib\site-packages\jose\jws.py", line 184, in _load
    raise JWSError("Not enough segments")
jose.exceptions.JWSError: Not enough segments

During handling of the above exception, another exception occurred:

Traceback (most recent call last):
  File "C:\Users\arunk\OneDrive\Desktop\new_folder\refresh_health\app\utils\auth_utils.py", line 66, in validate_id_token
    payload = verify_signature(id_token, jwks_keys)
  File "C:\Users\arunk\OneDrive\Desktop\new_folder\refresh_health\app\utils\auth_utils.py", line 41, in verify_signature
    headers = jwt.get_unverified_header(id_token)
  File "C:\Users\arunk\OneDrive\Desktop\new_folder\refresh_health\venv\Lib\site-packages\jose\jwt.py", line 202, in get_unverified_header
    raise JWTError("Error decoding token headers.")
jose.exceptions.JWTError: Error decoding token headers.
[2025-08-22 13:08:26,412] [INFO] Token received: test-token..., site: dev
[2025-08-22 13:08:29,191] [WARNING] Invalid OpenEMR token
[2025-08-22 13:08:29,717] [INFO] Starting token and email verification
[2025-08-22 13:08:29,718] [INFO] Validating ID token
[2025-08-22 13:08:29,719] [INFO] Fetching JWKS from Cognito
[2025-08-22 13:08:30,528] [ERROR] JWT validation error: Error decoding token headers.
Traceback (most recent call last):
  File "C:\Users\arunk\OneDrive\Desktop\new_folder\refresh_health\venv\Lib\site-packages\jose\jws.py", line 180, in _load
    signing_input, crypto_segment = jwt.rsplit(b".", 1)
    ^^^^^^^^^^^^^^^^^^^^^^^^^^^^^
ValueError: not enough values to unpack (expected 2, got 1)

During handling of the above exception, another exception occurred:

Traceback (most recent call last):
  File "C:\Users\arunk\OneDrive\Desktop\new_folder\refresh_health\venv\Lib\site-packages\jose\jwt.py", line 200, in get_unverified_header
    headers = jws.get_unverified_headers(token)
  File "C:\Users\arunk\OneDrive\Desktop\new_folder\refresh_health\venv\Lib\site-packages\jose\jws.py", line 113, in get_unverified_headers
    return get_unverified_header(token)
  File "C:\Users\arunk\OneDrive\Desktop\new_folder\refresh_health\venv\Lib\site-packages\jose\jws.py", line 94, in get_unverified_header
    header, claims, signing_input, signature = _load(token)
                                               ~~~~~^^^^^^^
  File "C:\Users\arunk\OneDrive\Desktop\new_folder\refresh_health\venv\Lib\site-packages\jose\jws.py", line 184, in _load
    raise JWSError("Not enough segments")
jose.exceptions.JWSError: Not enough segments

During handling of the above exception, another exception occurred:

Traceback (most recent call last):
  File "C:\Users\arunk\OneDrive\Desktop\new_folder\refresh_health\app\utils\auth_utils.py", line 66, in validate_id_token
    payload = verify_signature(id_token, jwks_keys)
  File "C:\Users\arunk\OneDrive\Desktop\new_folder\refresh_health\app\utils\auth_utils.py", line 41, in verify_signature
    headers = jwt.get_unverified_header(id_token)
  File "C:\Users\arunk\OneDrive\Desktop\new_folder\refresh_health\venv\Lib\site-packages\jose\jwt.py", line 202, in get_unverified_header
    raise JWTError("Error decoding token headers.")
jose.exceptions.JWTError: Error decoding token headers.
[2025-08-22 13:14:04,739] [INFO] Token received: gIkTNkQ3lW7Nyx5x1cO3uI9MH3-pcg27DO9Vc9E0gniTkJLJ..., site: dev
[2025-08-22 13:14:24,105] [ERROR] Database error: (pymysql.err.OperationalError) (2013, 'Lost connection to MySQL server during query ([WinError 64] The specified network name is no longer available)')
(Background on this error at: https://sqlalche.me/e/20/e3q8)
[2025-08-22 13:14:25,182] [INFO] Starting token and email verification
[2025-08-22 13:14:25,183] [INFO] Validating ID token
[2025-08-22 13:14:25,184] [INFO] Fetching JWKS from Cognito
[2025-08-22 13:14:26,003] [ERROR] JWT validation error: Error decoding token headers.
Traceback (most recent call last):
  File "C:\Users\arunk\OneDrive\Desktop\new_folder\refresh_health\venv\Lib\site-packages\jose\jws.py", line 180, in _load
    signing_input, crypto_segment = jwt.rsplit(b".", 1)
    ^^^^^^^^^^^^^^^^^^^^^^^^^^^^^
ValueError: not enough values to unpack (expected 2, got 1)

During handling of the above exception, another exception occurred:

Traceback (most recent call last):
  File "C:\Users\arunk\OneDrive\Desktop\new_folder\refresh_health\venv\Lib\site-packages\jose\jwt.py", line 200, in get_unverified_header
    headers = jws.get_unverified_headers(token)
  File "C:\Users\arunk\OneDrive\Desktop\new_folder\refresh_health\venv\Lib\site-packages\jose\jws.py", line 113, in get_unverified_headers
    return get_unverified_header(token)
  File "C:\Users\arunk\OneDrive\Desktop\new_folder\refresh_health\venv\Lib\site-packages\jose\jws.py", line 94, in get_unverified_header
    header, claims, signing_input, signature = _load(token)
                                               ~~~~~^^^^^^^
  File "C:\Users\arunk\OneDrive\Desktop\new_folder\refresh_health\venv\Lib\site-packages\jose\jws.py", line 184, in _load
    raise JWSError("Not enough segments")
jose.exceptions.JWSError: Not enough segments

During handling of the above exception, another exception occurred:

Traceback (most recent call last):
  File "C:\Users\arunk\OneDrive\Desktop\new_folder\refresh_health\app\utils\auth_utils.py", line 66, in validate_id_token
    payload = verify_signature(id_token, jwks_keys)
  File "C:\Users\arunk\OneDrive\Desktop\new_folder\refresh_health\app\utils\auth_utils.py", line 41, in verify_signature
    headers = jwt.get_unverified_header(id_token)
  File "C:\Users\arunk\OneDrive\Desktop\new_folder\refresh_health\venv\Lib\site-packages\jose\jwt.py", line 202, in get_unverified_header
    raise JWTError("Error decoding token headers.")
jose.exceptions.JWTError: Error decoding token headers.
[2025-08-22 13:15:53,768] [INFO] Token received: gIkTNkQ3lW7Nyx5x1cO3uI9MH3-pcg27DO9Vc9E0gniTkJLJ..., site: dev
[2025-08-22 13:15:56,519] [INFO] Authenticating with Cognito
[2025-08-22 13:15:59,251] [INFO] Cognito authentication successful
[2025-08-22 13:15:59,766] [INFO] Starting token and email verification
[2025-08-22 13:15:59,767] [INFO] Validating ID token
[2025-08-22 13:15:59,768] [INFO] Fetching JWKS from Cognito
[2025-08-22 13:16:00,660] [ERROR] JWT validation error: Error decoding token headers.
Traceback (most recent call last):
  File "C:\Users\arunk\OneDrive\Desktop\new_folder\refresh_health\venv\Lib\site-packages\jose\jws.py", line 180, in _load
    signing_input, crypto_segment = jwt.rsplit(b".", 1)
    ^^^^^^^^^^^^^^^^^^^^^^^^^^^^^
ValueError: not enough values to unpack (expected 2, got 1)

During handling of the above exception, another exception occurred:

Traceback (most recent call last):
  File "C:\Users\arunk\OneDrive\Desktop\new_folder\refresh_health\venv\Lib\site-packages\jose\jwt.py", line 200, in get_unverified_header
    headers = jws.get_unverified_headers(token)
  File "C:\Users\arunk\OneDrive\Desktop\new_folder\refresh_health\venv\Lib\site-packages\jose\jws.py", line 113, in get_unverified_headers
    return get_unverified_header(token)
  File "C:\Users\arunk\OneDrive\Desktop\new_folder\refresh_health\venv\Lib\site-packages\jose\jws.py", line 94, in get_unverified_header
    header, claims, signing_input, signature = _load(token)
                                               ~~~~~^^^^^^^
  File "C:\Users\arunk\OneDrive\Desktop\new_folder\refresh_health\venv\Lib\site-packages\jose\jws.py", line 184, in _load
    raise JWSError("Not enough segments")
jose.exceptions.JWSError: Not enough segments

During handling of the above exception, another exception occurred:

Traceback (most recent call last):
  File "C:\Users\arunk\OneDrive\Desktop\new_folder\refresh_health\app\utils\auth_utils.py", line 66, in validate_id_token
    payload = verify_signature(id_token, jwks_keys)
  File "C:\Users\arunk\OneDrive\Desktop\new_folder\refresh_health\app\utils\auth_utils.py", line 41, in verify_signature
    headers = jwt.get_unverified_header(id_token)
  File "C:\Users\arunk\OneDrive\Desktop\new_folder\refresh_health\venv\Lib\site-packages\jose\jwt.py", line 202, in get_unverified_header
    raise JWTError("Error decoding token headers.")
jose.exceptions.JWTError: Error decoding token headers.
[2025-08-22 13:16:37,269] [INFO] Token received: gIkTNkQ3lW7Nyx5x1cO3uI9MH3-pcg27DO9Vc9E0gniTkJLJ..., site: dev
[2025-08-22 13:16:40,028] [INFO] Authenticating with Cognito
[2025-08-22 13:16:42,550] [INFO] Cognito authentication successful
[2025-08-22 13:16:43,066] [INFO] Starting token and email verification
[2025-08-22 13:16:43,067] [WARNING] Malformed Authorization header
